EVOKI Metrics v3.0.0
New modules: 129 metrics
Module breakdown: {'hypermetrics': 12, 'fep_evolution': 21, 'emotions': 19, 'text_analytics': 10, 'dynamics_turbidity': 22, 'system_metrics': 31, 'final_metrics': 14}
====================================================================================================
FINAL H1 TEST - COMPLETE CONVERSATIONS WITH EMOTIONAL MARKERS
====================================================================================================

Loaded 36 complete prompt-response pairs

Emotional Markers:
  NEUTRAL_DEFAULT            8 pairs
  NEUTRAL_TASK               5 pairs
  NEUTRAL_CONFIRMATION       5 pairs
  CRISIS_VALIDATING          5 pairs
  NEUTRAL_SEARCH             5 pairs
  CRISIS_SUPPORTIVE          3 pairs
  CRISIS_EMPATHETIC          2 pairs
  PLAYFUL                    1 pairs
  CONTEMPLATIVE              1 pairs
  INFORMATIONAL              1 pairs
python : Traceback 
(most recent call 
last):
In Zeile:1 Zeichen:1
+ python "c:\Evoki 
V3.0 
APK-Lokalhost-Google 
Cloude\backend\final_
conve ...
+ ~~~~~~~~~~~~~~~~~~~
~~~~~~~~~~~~~~~~~~~~~
~~~~~~~~~~~~~~~~~~~~~
~~~~~~~~
    + CategoryInfo   
           : NotSpe  
  cified: (Traceba   
 ck (most recent     
call last)::Stri    
ng) [], RemoteEx    
ception
    + FullyQualified 
   ErrorId : Native  
  CommandError
 
  File "c:\Evoki 
V3.0 
APK-Lokalhost-Google 
Cloude\backend\final_
conversation_test.py"
, line 230, in 
<module>
    results = test_co
mplete_conversations(
)
  File "c:\Evoki 
V3.0 
APK-Lokalhost-Google 
Cloude\backend\final_
conversation_test.py"
, line 54, in test_co
mplete_conversations
    
print(f"\n{'\u2500' 
* 100}")
    ~~~~~^^^^^^^^^^^^
^^^^^^
  File "C:\Python314\
Lib\encodings\cp1252.
py", line 19, in 
encode
    return codecs.cha
rmap_encode(input,sel
f.errors,encoding_tab
le)[0]
           ~~~~~~~~~~
~~~~~~~~~~~^^^^^^^^^^
^^^^^^^^^^^^^^^^^^^^^
^^^
UnicodeEncodeError: 
'charmap' codec 
can't encode 
characters in 
position 2-101: 
character maps to 
<undefined>
